Loading /home/cjennings/code/chime.el/tests/test-chime-12hour-format.el (source)...
Loading /home/cjennings/code/chime.el/tests/test-chime-all-day-events.el (source)...
Loading /home/cjennings/code/chime.el/tests/test-chime-apply-blacklist.el (source)...
Loading /home/cjennings/code/chime.el/tests/test-chime-apply-whitelist.el (source)...
Loading /home/cjennings/code/chime.el/tests/test-chime-check-event.el (source)...
Loading /home/cjennings/code/chime.el/tests/test-chime-check-interval.el (source)...
Loading /home/cjennings/code/chime.el/tests/test-chime-debug-functions.el (source)...
Loading /home/cjennings/code/chime.el/tests/test-chime-extract-time.el (source)...
Loading /home/cjennings/code/chime.el/tests/test-chime-format-event-for-tooltip.el (source)...
Loading /home/cjennings/code/chime.el/tests/test-chime-format-refresh.el (source)...
Loading /home/cjennings/code/chime.el/tests/test-chime-gather-info.el (source)...
Loading /home/cjennings/code/chime.el/tests/test-chime-group-events-by-day.el (source)...
Loading /home/cjennings/code/chime.el/tests/test-chime-has-timestamp.el (source)...
Loading /home/cjennings/code/chime.el/tests/test-chime-modeline.el (source)...
Loading /home/cjennings/code/chime.el/tests/test-chime-notification-text.el (source)...
Loading /home/cjennings/code/chime.el/tests/test-chime-notifications.el (source)...
Loading /home/cjennings/code/chime.el/tests/test-chime-notify.el (source)...
Loading /home/cjennings/code/chime.el/tests/test-chime-overdue-todos.el (source)...
Loading /home/cjennings/code/chime.el/tests/test-chime-process-notifications.el (source)...
Loading /home/cjennings/code/chime.el/tests/test-chime-sanitize-title.el (source)...
Loading /home/cjennings/code/chime.el/tests/test-chime-time-left.el (source)...
Loading /home/cjennings/code/chime.el/tests/test-chime-timestamp-parse.el (source)...
Loading /home/cjennings/code/chime.el/tests/test-chime-timestamp-within-interval-p.el (source)...
Loading /home/cjennings/code/chime.el/tests/test-chime-tooltip-bugs.el (source)...
Loading /home/cjennings/code/chime.el/tests/test-chime-update-modeline.el (source)...
Loading /home/cjennings/code/chime.el/tests/test-chime-whitelist-blacklist-conflicts.el (source)...
Running 375 tests (2025-10-29 15:56:59-0500, selector ‘t’)
   passed    1/375  test-12hour-convert-11am-stays-11 (0.000147 sec)
   passed    2/375  test-12hour-convert-11pm-to-23 (0.000108 sec)
   passed    3/375  test-12hour-convert-12am-midnight-to-0 (0.000069 sec)
   passed    4/375  test-12hour-convert-12pm-noon-stays-12 (0.000065 sec)
   passed    5/375  test-12hour-convert-1am-stays-1 (0.000064 sec)
   passed    6/375  test-12hour-convert-1pm-to-13 (0.000062 sec)
   passed    7/375  test-12hour-convert-1pm-uppercase-to-13 (0.000061 sec)
   passed    8/375  test-12hour-convert-1pm-with-space-to-13 (0.000062 sec)
   passed    9/375  test-12hour-convert-24hour-0-unchanged (0.000060 sec)
   passed   10/375  test-12hour-convert-24hour-format-unchanged (0.000069 sec)
   passed   11/375  test-12hour-parse-1-00am (0.000213 sec)
   passed   12/375  test-12hour-parse-1-30pm (0.000155 sec)
   passed   13/375  test-12hour-parse-11-59am (0.000128 sec)
   passed   14/375  test-12hour-parse-11-59pm (0.000120 sec)
   passed   15/375  test-12hour-parse-12-00am-midnight (0.000133 sec)
   passed   16/375  test-12hour-parse-12-00pm-noon (0.000120 sec)
   passed   17/375  test-12hour-parse-12-30am (0.000121 sec)
   passed   18/375  test-12hour-parse-12-30pm (0.000115 sec)
   passed   19/375  test-12hour-parse-2-00pm (0.000116 sec)
   passed   20/375  test-12hour-parse-24hour-23-59 (0.000122 sec)
   passed   21/375  test-12hour-parse-24hour-midnight (0.000144 sec)
   passed   22/375  test-12hour-parse-24hour-still-works (0.000121 sec)
   passed   23/375  test-12hour-parse-3-45-pm-with-space (0.000121 sec)
   passed   24/375  test-12hour-parse-mixed-case-Pm (0.000114 sec)
   passed   25/375  test-12hour-parse-mixed-case-pM (0.000112 sec)
   passed   26/375  test-12hour-parse-multiple-spaces (0.000112 sec)
   passed   27/375  test-chime-advance-notice-nil (0.625299 sec)
   passed   28/375  test-chime-advance-notice-timed-events-ignored (0.000358 sec)
   passed   29/375  test-chime-advance-notice-today-not-included (0.000152 sec)
   passed   30/375  test-chime-advance-notice-tomorrow (0.000162 sec)
   passed   31/375  test-chime-advance-notice-too-far-future (0.000156 sec)
   passed   32/375  test-chime-advance-notice-two-days (0.000153 sec)
   passed   33/375  test-chime-apply-blacklist-all-markers-blacklisted-returns-empty (1.803406 sec)
   passed   34/375  test-chime-apply-blacklist-empty-markers-list-returns-empty (0.000742 sec)
   passed   35/375  test-chime-apply-blacklist-handles-nil-keyword-gracefully (0.001873 sec)
   passed   36/375  test-chime-apply-blacklist-handles-nil-tags-gracefully (0.001783 sec)
   passed   37/375  test-chime-apply-blacklist-keyword-and-tags-blacklist-uses-or-logic (0.002377 sec)
   passed   38/375  test-chime-apply-blacklist-keyword-blacklist-filters-correctly (0.001665 sec)
   passed   39/375  test-chime-apply-blacklist-multiple-keywords-filters-all (0.001568 sec)
   passed   40/375  test-chime-apply-blacklist-nil-blacklist-returns-all-markers (0.000657 sec)
   passed   41/375  test-chime-apply-blacklist-single-item-blacklist-works (0.001450 sec)
   passed   42/375  test-chime-apply-blacklist-tags-blacklist-filters-correctly (0.002179 sec)
   passed   43/375  test-chime-apply-whitelist-empty-markers-list-returns-empty (0.000692 sec)
   passed   44/375  test-chime-apply-whitelist-handles-nil-keyword-gracefully (0.001459 sec)
   passed   45/375  test-chime-apply-whitelist-handles-nil-tags-gracefully (0.001615 sec)
   passed   46/375  test-chime-apply-whitelist-keyword-and-tags-whitelist-uses-or-logic (0.002310 sec)
   passed   47/375  test-chime-apply-whitelist-keyword-whitelist-filters-correctly (0.001635 sec)
   passed   48/375  test-chime-apply-whitelist-nil-whitelist-returns-all-markers (0.000657 sec)
   passed   49/375  test-chime-apply-whitelist-no-matching-markers-returns-empty (0.001445 sec)
   passed   50/375  test-chime-apply-whitelist-single-item-whitelist-works (0.001466 sec)
   passed   51/375  test-chime-apply-whitelist-tags-whitelist-filters-correctly (0.002305 sec)
   passed   52/375  test-chime-check-event-day-wide-event-returns-empty-list (0.000908 sec)
   passed   53/375  test-chime-check-event-empty-intervals-returns-empty-list (0.000802 sec)
   passed   54/375  test-chime-check-event-empty-times-returns-empty-list (0.000748 sec)
   passed   55/375  test-chime-check-event-error-event-with-nil-times-handles-gracefully (0.000755 sec)
   passed   56/375  test-chime-check-event-error-invalid-event-structure-handles-gracefully (0.000716 sec)
   passed   57/375  test-chime-check-event-error-nil-event-handles-gracefully (0.000722 sec)
   passed   58/375  test-chime-check-event-multiple-notifications-returns-multiple-messages (0.001225 sec)
   passed   59/375  test-chime-check-event-no-matching-notifications-returns-empty-list (0.000803 sec)
   passed   60/375  test-chime-check-event-single-notification-returns-message (0.000962 sec)
   passed   61/375  test-chime-check-event-zero-interval-returns-right-now-message (0.000930 sec)
   passed   62/375  test-chime-check-interval-boundary-large-value-accepted (0.000574 sec)
   passed   63/375  test-chime-check-interval-boundary-one-second-triggers-warning (0.000348 sec)
Warning (emacs): chime-check-interval: Values below 10 seconds may cause excessive polling and system load
   passed   64/375  test-chime-check-interval-error-negative-rejected (0.044274 sec)
   passed   65/375  test-chime-check-interval-error-non-integer-rejected (0.000751 sec)
Warning (emacs): chime-check-interval: Values below 10 seconds may cause excessive polling and system load
   passed   66/375  test-chime-check-interval-error-zero-rejected (0.000722 sec)
   passed   67/375  test-chime-check-interval-normal-can-set-10-seconds (0.000633 sec)
   passed   68/375  test-chime-check-interval-normal-can-set-30-seconds (0.000634 sec)
   passed   69/375  test-chime-check-interval-normal-can-set-300-seconds (0.000615 sec)
   passed   70/375  test-chime-check-interval-normal-default-is-60 (0.000719 sec)
   passed   71/375  test-chime-conflict-all-keywords-in-both-lists (0.002182 sec)
   passed   72/375  test-chime-conflict-keyword-whitelisted-tag-blacklisted (0.001994 sec)
   passed   73/375  test-chime-conflict-multiple-items-partial-conflicts (0.002843 sec)
   passed   74/375  test-chime-conflict-same-keyword-in-both-lists (0.001936 sec)
   passed   75/375  test-chime-conflict-same-tag-in-both-lists (0.002332 sec)
   passed   76/375  test-chime-conflict-tag-whitelisted-keyword-blacklisted (0.002072 sec)
   passed   77/375  test-chime-day-wide-advance-notice-default (0.000073 sec)
   passed   78/375  test-chime-day-wide-alert-times-default (0.000069 sec)
   passed   79/375  test-chime-day-wide-notification-in-2-days (0.000402 sec)
   passed   80/375  test-chime-day-wide-notification-in-N-days (0.000437 sec)
   passed   81/375  test-chime-day-wide-notification-today (0.000235 sec)
   passed   82/375  test-chime-day-wide-notification-tomorrow (0.000277 sec)
Dumped 1 events to *Messages* buffer
Dumped tooltip content to *Messages* buffer
Chime: Configuration dumped to *Messages* buffer
   passed   83/375  test-chime-debug-all-functions-work-together (0.001265 sec)
Chime: Configuration dumped to *Messages* buffer
   passed   84/375  test-chime-debug-config-boundary-no-agenda-files (0.000816 sec)
Chime: Configuration dumped to *Messages* buffer
   passed   85/375  test-chime-debug-config-normal-dumps-config (0.000869 sec)
Chime: No upcoming events stored
   passed   86/375  test-chime-debug-dump-events-boundary-no-events (0.000657 sec)
Dumped 1 events to *Messages* buffer
   passed   87/375  test-chime-debug-dump-events-normal-with-events (0.000914 sec)
Chime: No upcoming events stored
   passed   88/375  test-chime-debug-dump-tooltip-boundary-no-events (0.001019 sec)
Dumped tooltip content to *Messages* buffer
   passed   89/375  test-chime-debug-dump-tooltip-normal-with-events (0.000921 sec)
   passed   90/375  test-chime-display-as-day-wide-event-today (0.000175 sec)
   passed   91/375  test-chime-display-as-day-wide-event-tomorrow-with-advance (0.000186 sec)
   passed   92/375  test-chime-display-as-day-wide-event-tomorrow-without-advance (0.000146 sec)
   passed   93/375  test-chime-event-has-day-wide-timestamp (0.000227 sec)
   passed   94/375  test-chime-extract-time-gcal-event-from-drawer (0.015961 sec)
   passed   95/375  test-chime-extract-time-gcal-event-ignores-body-timestamps (0.015735 sec)
   passed   96/375  test-chime-extract-time-gcal-event-ignores-scheduled (0.016314 sec)
   passed   97/375  test-chime-extract-time-gcal-event-multiple-in-drawer (0.015901 sec)
   passed   98/375  test-chime-extract-time-gcal-ignores-scheduled (0.015948 sec)
   passed   99/375  test-chime-extract-time-regular-event-deadline (0.015486 sec)
   passed  100/375  test-chime-extract-time-regular-event-multiple-plain (0.015785 sec)
   passed  101/375  test-chime-extract-time-regular-event-plain-timestamps (0.015662 sec)
   passed  102/375  test-chime-extract-time-regular-event-scheduled (0.015323 sec)
   passed  103/375  test-chime-extract-time-regular-event-scheduled-and-plain (0.015644 sec)
   passed  104/375  test-chime-extract-title-handles-nil (0.014777 sec)
   passed  105/375  test-chime-extract-title-sanitizes-output (0.015151 sec)
   passed  106/375  test-chime-format-event-for-tooltip-boundary-exactly-one-day (0.000813 sec)
   passed  107/375  test-chime-format-event-for-tooltip-boundary-just-under-one-day (0.000815 sec)
   passed  108/375  test-chime-format-event-for-tooltip-boundary-long-title (0.000808 sec)
   passed  109/375  test-chime-format-event-for-tooltip-boundary-multiple-days (0.000752 sec)
   passed  110/375  test-chime-format-event-for-tooltip-boundary-one-minute (0.000773 sec)
   passed  111/375  test-chime-format-event-for-tooltip-boundary-zero-minutes (0.000777 sec)
   passed  112/375  test-chime-format-event-for-tooltip-error-empty-title (0.000974 sec)
   passed  113/375  test-chime-format-event-for-tooltip-error-nil-title (0.000903 sec)
   passed  114/375  test-chime-format-event-for-tooltip-normal-hours (0.000768 sec)
   passed  115/375  test-chime-format-event-for-tooltip-normal-minutes (0.000792 sec)
   passed  116/375  test-chime-format-event-for-tooltip-normal-multiple-hours (0.000798 sec)
   passed  117/375  test-chime-format-refresh-custom-separator (0.488813 sec)
   passed  118/375  test-chime-format-refresh-title-only-format (0.001307 sec)
   passed  119/375  test-chime-format-refresh-update-modeline-picks-up-format-change (0.001299 sec)
   passed  120/375  test-chime-gather-info-bug-case-extended-leadership (0.015849 sec)
   passed  121/375  test-chime-gather-info-bug-case-spice-cake (0.015261 sec)
   passed  122/375  test-chime-gather-info-extracts-all-components (0.014772 sec)
   passed  123/375  test-chime-gather-info-handles-empty-title (0.015368 sec)
   passed  124/375  test-chime-gather-info-handles-very-long-title-with-delimiters (0.015292 sec)
   passed  125/375  test-chime-gather-info-multiple-events-all-serializable (0.019041 sec)
   passed  126/375  test-chime-gather-info-output-serializable-with-unmatched-parens (0.015146 sec)
   passed  127/375  test-chime-gather-info-sanitizes-multiple-unmatched-delimiters (0.015003 sec)
   passed  128/375  test-chime-gather-info-sanitizes-unmatched-closing-paren (0.014649 sec)
   passed  129/375  test-chime-gather-info-sanitizes-unmatched-opening-brace (0.015304 sec)
   passed  130/375  test-chime-gather-info-sanitizes-unmatched-opening-bracket (0.014516 sec)
   passed  131/375  test-chime-gather-info-sanitizes-unmatched-opening-paren (0.014658 sec)
   passed  132/375  test-chime-gather-info-serializable-without-marker-object (0.015315 sec)
   passed  133/375  test-chime-gather-info-special-chars-in-title (0.089697 sec)
   passed  134/375  test-chime-gather-info-with-balanced-parens-in-title (0.015263 sec)
   passed  135/375  test-chime-gather-info-with-custom-notify-property (0.015229 sec)
   passed  136/375  test-chime-group-events-by-day-boundary-empty-list (0.000643 sec)
   passed  137/375  test-chime-group-events-by-day-boundary-exactly-1440-minutes (0.000832 sec)
   passed  138/375  test-chime-group-events-by-day-boundary-exactly-2880-minutes (0.000677 sec)
   passed  139/375  test-chime-group-events-by-day-boundary-just-under-1440 (0.000691 sec)
   passed  140/375  test-chime-group-events-by-day-boundary-single-event (0.000653 sec)
   passed  141/375  test-chime-group-events-by-day-boundary-zero-minutes (0.000657 sec)
   passed  142/375  test-chime-group-events-by-day-error-nil-input (0.000612 sec)
   passed  143/375  test-chime-group-events-by-day-normal-maintains-order (0.001137 sec)
   passed  144/375  test-chime-group-events-by-day-normal-multiple-days (0.000887 sec)
   passed  145/375  test-chime-group-events-by-day-normal-single-day (0.000722 sec)
   passed  146/375  test-chime-has-timestamp-date-only-returns-nil (0.000672 sec)
   passed  147/375  test-chime-has-timestamp-day-wide-timestamp-returns-nil (0.000679 sec)
   passed  148/375  test-chime-has-timestamp-deadline-with-time-returns-non-nil (0.000656 sec)
   passed  149/375  test-chime-has-timestamp-embedded-in-text-returns-non-nil (0.000651 sec)
   passed  150/375  test-chime-has-timestamp-empty-string-returns-nil (0.000588 sec)
   passed  151/375  test-chime-has-timestamp-invalid-format-returns-nil (0.000657 sec)
   passed  152/375  test-chime-has-timestamp-midnight-timestamp-returns-non-nil (0.000653 sec)
   passed  153/375  test-chime-has-timestamp-multiple-timestamps-returns-non-nil (0.000659 sec)
   passed  154/375  test-chime-has-timestamp-nil-input-returns-nil (0.000591 sec)
   passed  155/375  test-chime-has-timestamp-no-timestamp-returns-nil (0.000607 sec)
   passed  156/375  test-chime-has-timestamp-org-gcal-time-range-returns-non-nil (0.000624 sec)
   passed  157/375  test-chime-has-timestamp-partial-timestamp-returns-nil (0.000726 sec)
   passed  158/375  test-chime-has-timestamp-repeater-with-time-returns-non-nil (0.000636 sec)
   passed  159/375  test-chime-has-timestamp-scheduled-with-time-returns-non-nil (0.000639 sec)
   passed  160/375  test-chime-has-timestamp-single-digit-hour-returns-non-nil (0.000809 sec)
   passed  161/375  test-chime-has-timestamp-standard-timestamp-with-time-returns-non-nil (0.000632 sec)
   passed  162/375  test-chime-has-timestamp-timestamp-with-time-range-returns-non-nil (0.000662 sec)
   passed  163/375  test-chime-has-timestamp-timestamp-without-brackets-returns-non-nil (0.000634 sec)
   passed  164/375  test-chime-has-timestamp-with-time (0.000157 sec)
   passed  165/375  test-chime-has-timestamp-without-time (0.000166 sec)
   passed  166/375  test-chime-modeline-day-grouping-multiple-same-day (0.017848 sec)
   passed  167/375  test-chime-modeline-day-grouping-today-tomorrow-future (0.017717 sec)
   passed  168/375  test-chime-modeline-gcal-event-after-reschedule (0.015022 sec)
   passed  169/375  test-chime-modeline-lookahead-beyond-limit (0.015130 sec)
   passed  170/375  test-chime-modeline-lookahead-exact-limit (0.015865 sec)
   passed  171/375  test-chime-modeline-multiple-timestamps-shows-soonest (0.016068 sec)
   passed  172/375  test-chime-modeline-no-duplicate-events (0.016832 sec)
   passed  173/375  test-chime-modeline-past-event-excluded (0.015376 sec)
DEBUG: Tooltip for order test:
Upcoming Events:

Tomorrow, Nov 29:
─────────────
Meeting A at 02:00 PM (in 1 days)
Meeting B at 03:00 PM (in 1 days)

   passed  174/375  test-chime-modeline-tooltip-correct-order (0.016425 sec)
   passed  175/375  test-chime-modeline-tooltip-max-events (0.019327 sec)
   passed  176/375  test-chime-modeline-tooltip-max-events-14-across-week (0.031264 sec)
   passed  177/375  test-chime-modeline-tooltip-max-events-nil (0.018349 sec)
DEBUG: Tooltip content:
Upcoming Events:

Tomorrow, Nov 29:
─────────────
Team Meeting at 02:00 PM (in 1 days)

   passed  178/375  test-chime-modeline-tooltip-no-duplicates (0.015469 sec)
DEBUG: Tooltip structure:
Upcoming Events:

Tomorrow, Nov 29:
─────────────
Team Meeting at 02:00 PM (in 1 days)

   passed  179/375  test-chime-modeline-tooltip-structure (0.015564 sec)
   passed  180/375  test-chime-notification-text-12-hour-no-space-before-ampm (0.000883 sec)
   passed  181/375  test-chime-notification-text-24-hour-midnight (0.000848 sec)
   passed  182/375  test-chime-notification-text-24-hour-morning (0.000797 sec)
   passed  183/375  test-chime-notification-text-24-hour-time-format (0.000813 sec)
   passed  184/375  test-chime-notification-text-custom-compact-format (0.000860 sec)
   passed  185/375  test-chime-notification-text-custom-order-time-first (0.000810 sec)
   passed  186/375  test-chime-notification-text-custom-separator (0.000796 sec)
   passed  187/375  test-chime-notification-text-custom-time-format (0.000813 sec)
   passed  188/375  test-chime-notification-text-custom-title-and-countdown-no-time (0.000823 sec)
   passed  189/375  test-chime-notification-text-custom-title-and-time-no-countdown (0.000799 sec)
   passed  190/375  test-chime-notification-text-custom-title-only (0.000763 sec)
   passed  191/375  test-chime-notification-text-custom-with-compact-time-left (0.000771 sec)
   passed  192/375  test-chime-notification-text-empty-title-shows-empty (0.000821 sec)
   passed  193/375  test-chime-notification-text-large-interval-shows-hours (0.000868 sec)
   passed  194/375  test-chime-notification-text-lowercase-ampm (0.000852 sec)
   passed  195/375  test-chime-notification-text-midnight-formats-correctly (0.000825 sec)
   passed  196/375  test-chime-notification-text-missing-title-shows-nil (0.000826 sec)
   passed  197/375  test-chime-notification-text-morning-time-formats-with-am (0.000857 sec)
   passed  198/375  test-chime-notification-text-noon-formats-correctly (0.000854 sec)
   passed  199/375  test-chime-notification-text-standard-event-formats-correctly (0.000891 sec)
   passed  200/375  test-chime-notification-text-title-with-special-characters (0.000891 sec)
   passed  201/375  test-chime-notification-text-truncate-10-chars (0.000879 sec)
   passed  202/375  test-chime-notification-text-truncate-15-chars (0.000840 sec)
   passed  203/375  test-chime-notification-text-truncate-25-chars (0.000832 sec)
   passed  204/375  test-chime-notification-text-truncate-exact-length-unchanged (0.000850 sec)
   passed  205/375  test-chime-notification-text-truncate-nil-no-truncation (0.000827 sec)
   passed  206/375  test-chime-notification-text-truncate-nil-title-handled (0.000806 sec)
   passed  207/375  test-chime-notification-text-truncate-short-title-unchanged (0.000833 sec)
   passed  208/375  test-chime-notification-text-very-long-title-included (0.000861 sec)
   passed  209/375  test-chime-notification-text-zero-minutes-shows-right-now (0.000864 sec)
   passed  210/375  test-chime-notifications-empty-intervals-returns-empty-list (0.000819 sec)
   passed  211/375  test-chime-notifications-empty-times-returns-empty-list (0.000752 sec)
   passed  212/375  test-chime-notifications-filters-day-wide-events (0.000854 sec)
   passed  213/375  test-chime-notifications-multiple-times-multiple-intervals-returns-all-matches (0.000937 sec)
   passed  214/375  test-chime-notifications-multiple-times-single-interval-returns-matching-pairs (0.000859 sec)
   passed  215/375  test-chime-notifications-nil-intervals-returns-empty-list (0.000721 sec)
   passed  216/375  test-chime-notifications-nil-times-returns-empty-list (0.000719 sec)
   passed  217/375  test-chime-notifications-single-time-multiple-intervals-returns-multiple-pairs (0.000794 sec)
   passed  218/375  test-chime-notifications-single-time-single-interval-returns-pair (0.000766 sec)
   passed  219/375  test-chime-notifications-zero-interval-returns-current-time-match (0.000774 sec)
   passed  220/375  test-chime-notify-empty-message-still-notifies (0.000662 sec)
   passed  221/375  test-chime-notify-error-nil-message-handles-gracefully (0.000647 sec)
chime: Failed to play sound: Beep failed
   passed  222/375  test-chime-notify-handles-beep-error-gracefully (0.000716 sec)
Warning (emacs): Redefining ‘file-exists-p’ might break native compilation of trampolines.
chime: Failed to play sound: Sound playback failed
   passed  223/375  test-chime-notify-handles-sound-playback-error-gracefully (0.485329 sec)
Warning (emacs): Redefining ‘file-exists-p’ might break native compilation of trampolines.
   passed  224/375  test-chime-notify-no-sound-file-when-file-doesnt-exist (0.000813 sec)
   passed  225/375  test-chime-notify-no-sound-when-disabled (0.000688 sec)
   passed  226/375  test-chime-notify-passes-correct-parameters-to-alert (0.000691 sec)
Warning (emacs): Redefining ‘file-exists-p’ might break native compilation of trampolines.
   passed  227/375  test-chime-notify-plays-sound-when-enabled-and-file-exists (0.000773 sec)
   passed  228/375  test-chime-notify-uses-beep-when-no-sound-file-specified (0.000658 sec)
   passed  229/375  test-chime-process-notifications-boundary-empty-events-no-notifications (0.000664 sec)
   passed  230/375  test-chime-process-notifications-boundary-events-with-no-matches-no-notifications (0.001330 sec)
   passed  231/375  test-chime-process-notifications-boundary-single-event-edge-case (0.001069 sec)
   passed  232/375  test-chime-process-notifications-error-invalid-event-structure-handles-gracefully (0.000766 sec)
   passed  233/375  test-chime-process-notifications-error-mixed-valid-invalid-events-processes-valid (0.001027 sec)
   passed  234/375  test-chime-process-notifications-error-nil-events-handles-gracefully (0.000690 sec)
   passed  235/375  test-chime-process-notifications-normal-day-wide-notifications-called-at-right-time (0.000892 sec)
   passed  236/375  test-chime-process-notifications-normal-deduplication-removes-duplicates (0.001329 sec)
   passed  237/375  test-chime-process-notifications-normal-multiple-events-calls-notify-multiple-times (0.001399 sec)
   passed  238/375  test-chime-process-notifications-normal-no-day-wide-when-wrong-time (0.000800 sec)
   passed  239/375  test-chime-process-notifications-normal-single-event-calls-notify (0.001012 sec)
   passed  240/375  test-chime-sanitize-title-all-types-unmatched (0.000688 sec)
   passed  241/375  test-chime-sanitize-title-async-serialization-with-unmatched-parens (0.000779 sec)
   passed  242/375  test-chime-sanitize-title-balanced-braces-unchanged (0.000656 sec)
   passed  243/375  test-chime-sanitize-title-balanced-brackets-unchanged (0.000667 sec)
   passed  244/375  test-chime-sanitize-title-balanced-parens-unchanged (0.000956 sec)
   passed  245/375  test-chime-sanitize-title-bug-case-extended-leadership (0.000703 sec)
   passed  246/375  test-chime-sanitize-title-bug-case-spice-cake (0.000645 sec)
   passed  247/375  test-chime-sanitize-title-complex-nesting-with-unmatched (0.000685 sec)
   passed  248/375  test-chime-sanitize-title-empty-string-unchanged (0.000621 sec)
   passed  249/375  test-chime-sanitize-title-lisp-serialization-safety (0.000659 sec)
   passed  250/375  test-chime-sanitize-title-mixed-balanced-unchanged (0.000669 sec)
   passed  251/375  test-chime-sanitize-title-mixed-unmatched-opening-delimiters (0.000646 sec)
   passed  252/375  test-chime-sanitize-title-multiple-unmatched-closing-parens (0.000617 sec)
   passed  253/375  test-chime-sanitize-title-multiple-unmatched-opening-parens (0.000932 sec)
   passed  254/375  test-chime-sanitize-title-nested-balanced-unchanged (0.000757 sec)
   passed  255/375  test-chime-sanitize-title-nil-returns-empty-string (0.000653 sec)
   passed  256/375  test-chime-sanitize-title-no-delimiters-unchanged (0.000656 sec)
   passed  257/375  test-chime-sanitize-title-only-closing-delimiters (0.000656 sec)
   passed  258/375  test-chime-sanitize-title-only-opening-delimiters (0.000652 sec)
   passed  259/375  test-chime-sanitize-title-opening-and-closing-mixed (0.000702 sec)
   passed  260/375  test-chime-sanitize-title-unmatched-closing-brace (0.000657 sec)
   passed  261/375  test-chime-sanitize-title-unmatched-closing-bracket (0.000642 sec)
   passed  262/375  test-chime-sanitize-title-unmatched-closing-paren (0.000888 sec)
   passed  263/375  test-chime-sanitize-title-unmatched-opening-brace (0.000829 sec)
   passed  264/375  test-chime-sanitize-title-unmatched-opening-bracket (0.000682 sec)
   passed  265/375  test-chime-sanitize-title-unmatched-opening-paren (0.000694 sec)
   passed  266/375  test-chime-sanitize-title-unmatched-opening-paren-at-end (0.000667 sec)
   passed  267/375  test-chime-sanitize-title-very-long-title-with-unmatched (0.000757 sec)
   passed  268/375  test-chime-time-left-custom-at-event-message (0.000700 sec)
   passed  269/375  test-chime-time-left-custom-compact-format-long (0.000747 sec)
   passed  270/375  test-chime-time-left-custom-compact-format-short (0.000721 sec)
   passed  271/375  test-chime-time-left-custom-emoji-format (0.001089 sec)
   passed  272/375  test-chime-time-left-custom-no-prefix-format (0.000700 sec)
   passed  273/375  test-chime-time-left-custom-parentheses-format (0.000702 sec)
   passed  274/375  test-chime-time-left-custom-short-with-unit-text (0.000691 sec)
   passed  275/375  test-chime-time-left-exactly-one-hour-shows-minutes-format (0.000694 sec)
   passed  276/375  test-chime-time-left-fifty-nine-minutes-shows-minutes-only (0.000690 sec)
   passed  277/375  test-chime-time-left-fifty-nine-seconds-shows-minutes (0.000672 sec)
   passed  278/375  test-chime-time-left-five-minutes-formats-correctly (0.000680 sec)
   passed  279/375  test-chime-time-left-large-negative-returns-right-now (0.000798 sec)
   passed  280/375  test-chime-time-left-negative-value-returns-right-now (0.000943 sec)
   passed  281/375  test-chime-time-left-one-hour-formats-correctly (0.000689 sec)
   passed  282/375  test-chime-time-left-one-hour-thirty-minutes-formats-correctly (0.000701 sec)
   passed  283/375  test-chime-time-left-one-minute-formats-correctly (0.000673 sec)
   passed  284/375  test-chime-time-left-one-second-shows-right-now (0.000686 sec)
   passed  285/375  test-chime-time-left-ten-minutes-formats-correctly (0.000684 sec)
   passed  286/375  test-chime-time-left-thirty-minutes-formats-correctly (0.000698 sec)
   passed  287/375  test-chime-time-left-three-hours-fifteen-minutes-formats-correctly (0.000685 sec)
   passed  288/375  test-chime-time-left-twenty-four-hours-formats-correctly (0.000870 sec)
   passed  289/375  test-chime-time-left-two-hours-formats-correctly (0.000857 sec)
   passed  290/375  test-chime-time-left-very-large-value-formats-correctly (0.000680 sec)
   passed  291/375  test-chime-time-left-zero-seconds-returns-right-now (0.000683 sec)
   passed  292/375  test-chime-timestamp-parse-date-only-no-time-returns-nil (0.000699 sec)
   passed  293/375  test-chime-timestamp-parse-deadline-timestamp-returns-time-list (0.000806 sec)
   passed  294/375  test-chime-timestamp-parse-empty-string-returns-nil (0.000735 sec)
chime: Failed to parse timestamp ’<10-24-2025 Fri 14:00>’: Not an Org time string: <10-24-2025 Fri 14:00>
   passed  295/375  test-chime-timestamp-parse-invalid-date-format-returns-nil (0.000733 sec)
   passed  296/375  test-chime-timestamp-parse-invalid-day-returns-nil (0.000755 sec)
   passed  297/375  test-chime-timestamp-parse-invalid-month-returns-nil (0.001000 sec)
   passed  298/375  test-chime-timestamp-parse-invalid-time-hour-returns-nil (0.000671 sec)
   passed  299/375  test-chime-timestamp-parse-invalid-time-minute-returns-nil (0.000683 sec)
   passed  300/375  test-chime-timestamp-parse-last-minute-of-day-returns-time-list (0.000787 sec)
   passed  301/375  test-chime-timestamp-parse-leap-year-feb-29-returns-time-list (0.000744 sec)
   passed  302/375  test-chime-timestamp-parse-midnight-timestamp-returns-time-list (0.000760 sec)
   passed  303/375  test-chime-timestamp-parse-missing-closing-bracket-returns-nil (0.000651 sec)
   passed  304/375  test-chime-timestamp-parse-missing-opening-bracket-returns-nil (0.000645 sec)
   passed  305/375  test-chime-timestamp-parse-month-boundary-end-of-month-returns-time-list (0.000967 sec)
   passed  306/375  test-chime-timestamp-parse-nil-input-returns-nil (0.000786 sec)
   passed  307/375  test-chime-timestamp-parse-scheduled-timestamp-returns-time-list (0.000808 sec)
   passed  308/375  test-chime-timestamp-parse-single-digit-time-returns-time-list (0.000754 sec)
   passed  309/375  test-chime-timestamp-parse-standard-timestamp-returns-time-list (0.000758 sec)
   passed  310/375  test-chime-timestamp-parse-timestamp-with-catchup-repeater-returns-time-list (0.000769 sec)
   passed  311/375  test-chime-timestamp-parse-timestamp-with-completion-repeater-returns-time-list (0.000786 sec)
   passed  312/375  test-chime-timestamp-parse-timestamp-with-date-range-returns-start-date (0.000818 sec)
   passed  313/375  test-chime-timestamp-parse-timestamp-with-time-range-returns-start-time (0.001056 sec)
   passed  314/375  test-chime-timestamp-parse-timestamp-with-weekly-repeater-returns-time-list (0.000836 sec)
   passed  315/375  test-chime-timestamp-parse-year-boundary-new-years-day-returns-time-list (0.000749 sec)
   passed  316/375  test-chime-timestamp-parse-year-boundary-new-years-eve-returns-time-list (0.000765 sec)
   passed  317/375  test-chime-timestamp-within-interval-p-at-midnight-returns-t (0.000859 sec)
   passed  318/375  test-chime-timestamp-within-interval-p-crossing-day-boundary-returns-t (0.000770 sec)
   passed  319/375  test-chime-timestamp-within-interval-p-crossing-midnight-returns-t (0.000836 sec)
   passed  320/375  test-chime-timestamp-within-interval-p-exactly-at-interval-returns-t (0.000777 sec)
   passed  321/375  test-chime-timestamp-within-interval-p-five-minutes-returns-t (0.001101 sec)
   passed  322/375  test-chime-timestamp-within-interval-p-float-interval-works (0.000774 sec)
   passed  323/375  test-chime-timestamp-within-interval-p-invalid-timestamp-returns-nil (0.000702 sec)
   passed  324/375  test-chime-timestamp-within-interval-p-large-interval-returns-t (0.000784 sec)
   passed  325/375  test-chime-timestamp-within-interval-p-negative-interval-returns-nil (0.000740 sec)
   passed  326/375  test-chime-timestamp-within-interval-p-nil-interval-returns-nil (0.000712 sec)
   passed  327/375  test-chime-timestamp-within-interval-p-nil-timestamp-returns-nil (0.000701 sec)
   passed  328/375  test-chime-timestamp-within-interval-p-one-minute-after-returns-nil (0.000770 sec)
   passed  329/375  test-chime-timestamp-within-interval-p-one-minute-before-returns-nil (0.000793 sec)
   passed  330/375  test-chime-timestamp-within-interval-p-sixty-minutes-returns-t (0.000960 sec)
   passed  331/375  test-chime-timestamp-within-interval-p-thirty-minutes-returns-t (0.000880 sec)
   passed  332/375  test-chime-timestamp-within-interval-p-week-interval-returns-t (0.000802 sec)
   passed  333/375  test-chime-timestamp-within-interval-p-zero-interval-returns-t (0.000769 sec)
   passed  334/375  test-chime-tooltip-config-exists (0.000081 sec)
   passed  335/375  test-chime-tooltip-lookahead-hours-default (0.019621 sec)
   passed  336/375  test-chime-tooltip-lookahead-hours-independent (0.019491 sec)
   passed  337/375  test-chime-tooltip-lookahead-hours-larger-shows-more (0.021165 sec)
   passed  338/375  test-chime-update-modeline-boundary-disabled-overrides-lookahead (0.000835 sec)
   passed  339/375  test-chime-update-modeline-day-wide-events-filtered-out (0.000824 sec)
   passed  340/375  test-chime-update-modeline-error-event-with-nil-times-handles-gracefully (0.000781 sec)
   passed  341/375  test-chime-update-modeline-error-invalid-event-structure-handles-gracefully (0.000752 sec)
   passed  342/375  test-chime-update-modeline-error-nil-events-handles-gracefully (0.000734 sec)
   passed  343/375  test-chime-update-modeline-event-at-exact-boundary-included (0.001064 sec)
   passed  344/375  test-chime-update-modeline-event-outside-window-no-update (0.001147 sec)
   passed  345/375  test-chime-update-modeline-multiple-events-picks-soonest (0.001154 sec)
   passed  346/375  test-chime-update-modeline-no-events-clears-modeline (0.000732 sec)
   passed  347/375  test-chime-update-modeline-normal-disabled-clears-modeline (0.000764 sec)
   passed  348/375  test-chime-update-modeline-normal-enabled-updates-modeline (0.001015 sec)
   passed  349/375  test-chime-update-modeline-past-events-not-shown (0.000802 sec)
   passed  350/375  test-chime-update-modeline-single-event-within-window-updates-modeline (0.001112 sec)
   passed  351/375  test-chime-update-modeline-upcoming-events-cleared-when-disabled (0.001381 sec)
   passed  352/375  test-chime-update-modeline-upcoming-events-only-within-window (0.001066 sec)
   passed  353/375  test-chime-update-modeline-upcoming-events-populated (0.001188 sec)
   passed  354/375  test-chime-update-modeline-upcoming-events-sorted (0.001360 sec)
   passed  355/375  test-chime-update-modeline-zero-lookahead-clears-modeline (0.000780 sec)
   passed  356/375  test-overdue-display-today-all-day-always-shown (0.000958 sec)
   passed  357/375  test-overdue-display-week-old-all-day-with-overdue-disabled (0.000982 sec)
   passed  358/375  test-overdue-display-week-old-all-day-with-overdue-enabled (0.000733 sec)
   passed  359/375  test-overdue-display-yesterday-all-day-with-overdue-disabled (0.000749 sec)
   passed  360/375  test-overdue-display-yesterday-all-day-with-overdue-enabled (0.000720 sec)
   passed  361/375  test-overdue-display-yesterday-timed-with-overdue-disabled (0.000771 sec)
   passed  362/375  test-overdue-display-yesterday-timed-with-overdue-enabled (0.000744 sec)
   passed  363/375  test-overdue-future-event-not-affected-by-overdue-setting (0.000806 sec)
   passed  364/375  test-overdue-has-passed-time-timed-event-future (0.001010 sec)
   passed  365/375  test-overdue-has-passed-time-timed-event-past (0.000952 sec)
   passed  366/375  test-overdue-has-passed-time-today-all-day (0.000806 sec)
   passed  367/375  test-overdue-has-passed-time-tomorrow-all-day (0.001007 sec)
   passed  368/375  test-overdue-has-passed-time-yesterday-all-day (0.000840 sec)
   passed  369/375  test-tooltip-events-same-time (0.021677 sec)
   passed  370/375  test-tooltip-exact-duplicate-bug (0.022618 sec)
   passed  371/375  test-tooltip-includes-all-future-events (0.016023 sec)
   passed  372/375  test-tooltip-missing-later-events (0.010818 sec)
   passed  373/375  test-tooltip-no-duplicate-events (0.014345 sec)
   passed  374/375  test-tooltip-no-duplicate-in (0.017811 sec)
   passed  375/375  test-tooltip-only-first-5-shown (0.027521 sec)

Ran 375 tests, 375 results as expected, 0 unexpected (2025-10-29 15:57:04-0500, 4.670101 sec)

